Program counter out of bounds. Instruction 10 does not exist for function 0.
